[    0.000000] Initializing cgroup subsys cpuset
[    0.000000] Initializing cgroup subsys cpu
[    0.000000] Initializing cgroup subsys cpuacct
[    0.000000] Linux version 4.4.0-93-generic (buildd@lgw01-03) (gcc version 5.4.0 20160609 (Ubuntu 5.4.0-6ubuntu1~16.04.4) ) #116-Ubuntu SMP Fri Aug 11 21:17:51 UTC 2017 (Ubuntu 4.4.0-93.116-generic 4.4.79)
[    0.000000] Command line: BOOT_IMAGE=/boot/vmlinuz-4.4.0-93-generic root=LABEL=cloudimg-rootfs ro console=tty1 console=ttyS0
[    0.000000] KERNEL supported cpus:
[    0.000000]   Intel GenuineIntel
[    0.000000]   AMD AuthenticAMD
[    0.000000]   Centaur CentaurHauls
[    0.000000] x86/fpu: xstate_offset[2]:  576, xstate_sizes[2]:  256
[    0.000000] x86/fpu: Supporting XSAVE feature 0x01: 'x87 floating point registers'
[    0.000000] x86/fpu: Supporting XSAVE feature 0x02: 'SSE registers'
[    0.000000] x86/fpu: Supporting XSAVE feature 0x04: 'AVX registers'
[    0.000000] x86/fpu: Enabled xstate features 0x7, context size is 832 bytes, using 'standard' format.
[    0.000000] x86/fpu: Using 'lazy' FPU context switches.
[    0.000000] e820: BIOS-provided physical RAM map:
[    0.000000] BIOS-e820: [mem 0x0000000000000000-0x000000000009fbff] usable
[    0.000000] BIOS-e820: [mem 0x000000000009fc00-0x000000000009ffff] reserved
[    0.000000] BIOS-e820: [mem 0x00000000000f0000-0x00000000000fffff] reserved
[    0.000000] BIOS-e820: [mem 0x0000000000100000-0x000000003ffeffff] usable
[    0.000000] BIOS-e820: [mem 0x000000003fff0000-0x000000003fffffff] ACPI data
[    0.000000] BIOS-e820: [mem 0x00000000fec00000-0x00000000fec00fff] reserved
[    0.000000] BIOS-e820: [mem 0x00000000fee00000-0x00000000fee00fff] reserved
[    0.000000] BIOS-e820: [mem 0x00000000fffc0000-0x00000000ffffffff] reserved
[    0.000000] NX (Execute Disable) protection: active
[    0.000000] SMBIOS 2.5 present.
[    0.000000] Hypervisor detected: KVM
[    0.000000] e820: last_pfn = 0x3fff0 max_arch_pfn = 0x400000000
[    0.000000] MTRR: Disabled
[    0.000000] x86/PAT: MTRRs disabled, skipping PAT initialization too.
[    0.000000] CPU MTRRs all blank - virtualized system.
[    0.000000] x86/PAT: Configuration [0-7]: WB  WT  UC- UC  WB  WT  UC- UC  
[    0.000000] found SMP MP-table at [mem 0x0009fff0-0x0009ffff] mapped at [ffff88000009fff0]
[    0.000000] Scanning 1 areas for low memory corruption
[    0.000000] RAMDISK: [mem 0x36ac4000-0x37559fff]
[    0.000000] ACPI: Early table checksum verification disabled
[    0.000000] ACPI: RSDP 0x00000000000E0000 000024 (v02 VBOX  )
[    0.000000] ACPI: XSDT 0x000000003FFF0030 00003C (v01 VBOX   VBOXXSDT 00000001 ASL  00000061)
[    0.000000] ACPI: FACP 0x000000003FFF00F0 0000F4 (v04 VBOX   VBOXFACP 00000001 ASL  00000061)
[    0.000000] ACPI: DSDT 0x000000003FFF0470 0021C8 (v02 VBOX   VBOXBIOS 00000002 INTL 20100528)
[    0.000000] ACPI: FACS 0x000000003FFF0200 000040
[    0.000000] ACPI: FACS 0x000000003FFF0200 000040
[    0.000000] ACPI: APIC 0x000000003FFF0240 00005C (v02 VBOX   VBOXAPIC 00000001 ASL  00000061)
[    0.000000] ACPI: SSDT 0x000000003FFF02A0 0001CC (v01 VBOX   VBOXCPUT 00000002 INTL 20100528)
[    0.000000] No NUMA configuration found
[    0.000000] Faking a node at [mem 0x0000000000000000-0x000000003ffeffff]
[    0.000000] NODE_DATA(0) allocated [mem 0x3ffeb000-0x3ffeffff]
[    0.000000] kvm-clock: Using msrs 4b564d01 and 4b564d00
[    0.000000] kvm-clock: cpu 0, msr 0:3ffe3001, primary cpu clock
[    0.000000] kvm-clock: using sched offset of 3278454206 cycles
[    0.000000] clocksource: kvm-clock: mask: 0xffffffffffffffff max_cycles: 0x1cd42e4dffb, max_idle_ns: 881590591483 ns
[    0.000000] Zone ranges:
[    0.000000]   DMA      [mem 0x0000000000001000-0x0000000000ffffff]
[    0.000000]   DMA32    [mem 0x0000000001000000-0x000000003ffeffff]
[    0.000000]   Normal   empty
[    0.000000]   Device   empty
[    0.000000] Movable zone start for each node
[    0.000000] Early memory node ranges
[    0.000000]   node   0: [mem 0x0000000000001000-0x000000000009efff]
[    0.000000]   node   0: [mem 0x0000000000100000-0x000000003ffeffff]
[    0.000000] Initmem setup node 0 [mem 0x0000000000001000-0x000000003ffeffff]
[    0.000000] ACPI: PM-Timer IO Port: 0x4008
[    0.000000] IOAPIC[0]: apic_id 2, version 32, address 0xfec00000, GSI 0-23
[    0.000000] ACPI: INT_SRC_OVR (bus 0 bus_irq 0 global_irq 2 dfl dfl)
[    0.000000] ACPI: INT_SRC_OVR (bus 0 bus_irq 9 global_irq 9 high level)
[    0.000000] Using ACPI (MADT) for SMP configuration information
[    0.000000] smpboot: Allowing 2 CPUs, 0 hotplug CPUs
[    0.000000] PM: Registered nosave memory: [mem 0x00000000-0x00000fff]
[    0.000000] PM: Registered nosave memory: [mem 0x0009f000-0x0009ffff]
[    0.000000] PM: Registered nosave memory: [mem 0x000a0000-0x000effff]
[    0.000000] PM: Registered nosave memory: [mem 0x000f0000-0x000fffff]
[    0.000000] e820: [mem 0x40000000-0xfebfffff] available for PCI devices
[    0.000000] Booting paravirtualized kernel on KVM
[    0.000000] clocksource: refined-jiffies: mask: 0xffffffff max_cycles: 0xffffffff, max_idle_ns: 7645519600211568 ns
[    0.000000] setup_percpu: NR_CPUS:512 nr_cpumask_bits:512 nr_cpu_ids:2 nr_node_ids:1
[    0.000000] PERCPU: Embedded 34 pages/cpu @ffff88003fc00000 s98328 r8192 d32744 u1048576
[    0.000000] PV qspinlock hash table entries: 256 (order: 0, 4096 bytes)
[    0.000000] Built 1 zonelists in Node order, mobility grouping on.  Total pages: 257913
[    0.000000] Policy zone: DMA32
[    0.000000] Kernel command line: BOOT_IMAGE=/boot/vmlinuz-4.4.0-93-generic root=LABEL=cloudimg-rootfs ro console=tty1 console=ttyS0
[    0.000000] PID hash table entries: 4096 (order: 3, 32768 bytes)
[    0.000000] Memory: 1001724K/1048120K available (8479K kernel code, 1294K rwdata, 3984K rodata, 1492K init, 1316K bss, 46396K reserved, 0K cma-reserved)
[    0.000000] SLUB: HWalign=64, Order=0-3, MinObjects=0, CPUs=2, Nodes=1
[    0.000000] Hierarchical RCU implementation.
[    0.000000] 	Build-time adjustment of leaf fanout to 64.
[    0.000000] 	RCU restricting CPUs from NR_CPUS=512 to nr_cpu_ids=2.
[    0.000000] RCU: Adjusting geometry for rcu_fanout_leaf=64, nr_cpu_ids=2
[    0.000000] NR_IRQS:33024 nr_irqs:440 16
[    0.000000] Console: colour VGA+ 80x25
[    0.000000] console [tty1] enabled
[    0.000000] console [ttyS0] enabled
[    0.000000] tsc: Detected 2494.226 MHz processor
[   11.554714] Calibrating delay loop (skipped) preset value.. 4988.45 BogoMIPS (lpj=9976904)
[   11.712612] pid_max: default: 32768 minimum: 301
[   11.828090] ACPI: Core revision 20150930
[   11.914450] ACPI: 2 ACPI AML tables successfully acquired and loaded
[   12.001395] Security Framework initialized
[   12.061498] Yama: becoming mindful.
[   12.062213] AppArmor: AppArmor initialized
[   12.109622] Dentry cache hash table entries: 131072 (order: 8, 1048576 bytes)
[   12.125936] Inode-cache hash table entries: 65536 (order: 7, 524288 bytes)
[   12.140933] Mount-cache hash table entries: 2048 (order: 2, 16384 bytes)
[   12.165529] Mountpoint-cache hash table entries: 2048 (order: 2, 16384 bytes)
[   12.166795] Initializing cgroup subsys io
[   12.181983] Initializing cgroup subsys memory
[   12.232352] Initializing cgroup subsys devices
[   12.261626] Initializing cgroup subsys freezer
[   12.293261] Initializing cgroup subsys net_cls
[   12.325968] Initializing cgroup subsys perf_event
[   12.369833] Initializing cgroup subsys net_prio
[   12.416522] Initializing cgroup subsys hugetlb
[   12.470106] Initializing cgroup subsys pids
[   12.560724] CPU: Physical Processor ID: 0
[   12.651146] CPU: Processor Core ID: 0
[   12.724364] mce: CPU supports 0 MCE banks
[   12.813200] Last level iTLB entries: 4KB 1024, 2MB 1024, 4MB 1024
[   12.907680] Last level dTLB entries: 4KB 1024, 2MB 1024, 4MB 1024, 1GB 4
[   13.017153] Freeing SMP alternatives memory: 32K (ffffffff820ba000 - ffffffff820c2000)
[   13.046001] ftrace: allocating 32136 entries in 126 pages
[   13.174635] smpboot: APIC(0) Converting physical 0 to logical package 0
[   13.311540] smpboot: Max logical packages: 1
[   13.416823] x2apic enabled
[   13.482248] Switched APIC routing to physical x2apic.
[   13.577833] ..TIMER: vector=0x30 apic1=0 pin1=2 apic2=-1 pin2=-1
[   13.829664] smpboot: CPU0: Intel(R) Core(TM) i7-4870HQ CPU @ 2.50GHz (family: 0x6, model: 0x46, stepping: 0x1)
[   14.057787] Performance Events: unsupported p6 CPU model 70 no PMU driver, software events only.
[   14.168379] KVM setup paravirtual spinlock
[   14.273052] x86: Booting SMP configuration:
[   14.380638] .... node  #0, CPUs:      #1
[   14.462666] kvm-clock: cpu 1, msr 0:3ffe3041, secondary cpu clock
[   14.574574] mce: CPU supports 0 MCE banks
[   14.676405] x86: Booted up 1 node, 2 CPUs
[   14.758308] smpboot: Total of 2 processors activated (9976.90 BogoMIPS)
[   14.877692] devtmpfs: initialized
[   14.950556] evm: security.selinux
[   14.997719] evm: security.SMACK64
[   15.074214] evm: security.SMACK64EXEC
[   15.145771] evm: security.SMACK64TRANSMUTE
[   15.180897] evm: security.SMACK64MMAP
[   15.202331] evm: security.ima
[   15.244648] evm: security.capability
[   15.322888] clocksource: jiffies: mask: 0xffffffff max_cycles: 0xffffffff, max_idle_ns: 7645041785100000 ns
[   15.532688] futex hash table entries: 512 (order: 3, 32768 bytes)
[   15.658292] pinctrl core: initialized pinctrl subsystem
[   15.727059] RTC time: 11:40:17, date: 09/17/17
[   15.819029] NET: Registered protocol family 16
[   15.929788] cpuidle: using governor ladder
[   16.005064] cpuidle: using governor menu
[   16.092736] PCCT header not found.
[   16.170930] ACPI: bus type PCI registered
[   16.244831] acpiphp: ACPI Hot Plug PCI Controller Driver version: 0.5
[   16.272257] PCI: Using configuration type 1 for base access
[   16.386706] ACPI: Added _OSI(Module Device)
[   16.465318] ACPI: Added _OSI(Processor Device)
[   16.527669] ACPI: Added _OSI(3.0 _SCP Extensions)
[   16.645795] ACPI: Added _OSI(Processor Aggregator Device)
[   16.754950] ACPI: Executed 1 blocks of module-level executable AML code
[   16.874811] ACPI: Interpreter enabled
[   16.942412] ACPI: (supports S0 S5)
[   17.014539] ACPI: Using IOAPIC for interrupt routing
[   17.106670] PCI: Using host bridge windows from ACPI; if necessary, use "pci=nocrs" and report a bug
[   17.207638] ACPI: PCI Root Bridge [PCI0] (domain 0000 [bus 00-ff])
[   17.331443] acpi PNP0A03:00: _OSC: OS supports [ASPM ClockPM Segments MSI]
[   17.398699] acpi PNP0A03:00: _OSC failed (AE_NOT_FOUND); disabling ASPM
[   17.538827] acpi PNP0A03:00: fail to add MMCONFIG information, can't access extended PCI configuration space under this bridge.
[   17.799474] PCI host bridge to bus 0000:00
[   17.863427] pci_bus 0000:00: root bus resource [io  0x0000-0x0cf7 window]
[   18.022951] pci_bus 0000:00: root bus resource [io  0x0d00-0xffff window]
[   18.182742] pci_bus 0000:00: root bus resource [mem 0x000a0000-0x000bffff window]
[   18.348908] pci_bus 0000:00: root bus resource [mem 0x40000000-0xffdfffff window]
[   18.427269] pci_bus 0000:00: root bus resource [bus 00-ff]
[   18.498408] pci 0000:00:01.1: legacy IDE quirk: reg 0x10: [io  0x01f0-0x01f7]
[   18.660011] pci 0000:00:01.1: legacy IDE quirk: reg 0x14: [io  0x03f6]
[   18.810678] pci 0000:00:01.1: legacy IDE quirk: reg 0x18: [io  0x0170-0x0177]
[   18.977374] pci 0000:00:01.1: legacy IDE quirk: reg 0x1c: [io  0x0376]
[   19.088616] pci 0000:00:07.0: quirk: [io  0x4000-0x403f] claimed by PIIX4 ACPI
[   19.232435] pci 0000:00:07.0: quirk: [io  0x4100-0x410f] claimed by PIIX4 SMB
[   19.412122] ACPI: PCI Interrupt Link [LNKA] (IRQs 5 9 10 *11)
[   19.499547] ACPI: PCI Interrupt Link [LNKB] (IRQs 5 9 10 *11)
[   19.517676] ACPI: PCI Interrupt Link [LNKC] (IRQs 5 9 *10 11)
[   19.606305] ACPI: PCI Interrupt Link [LNKD] (IRQs 5 *9 10 11)
[   19.706112] ACPI: Enabled 2 GPEs in block 00 to 07
[   19.793464] vgaarb: setting as boot device: PCI:0000:00:02.0
[   19.911422] vgaarb: device added: PCI:0000:00:02.0,decodes=io+mem,owns=io+mem,locks=none
[   20.097758] vgaarb: loaded
[   20.143938] vgaarb: bridge control possible 0000:00:02.0
[   20.267197] SCSI subsystem initialized
[   20.347796] ACPI: bus type USB registered
[   20.434062] usbcore: registered new interface driver usbfs
[   20.557723] usbcore: registered new interface driver hub
[   20.585458] usbcore: registered new device driver usb
[   20.648316] PCI: Using ACPI for IRQ routing
[   20.737751] NetLabel: Initializing
[   20.820854] NetLabel:  domain hash size = 128
[   20.919372] NetLabel:  protocols = UNLABELED CIPSOv4
[   21.027812] NetLabel:  unlabeled traffic allowed by default
[   21.151535] amd_nb: Cannot enumerate AMD northbridges
[   21.249083] clocksource: Switched to clocksource kvm-clock
[   21.384130] AppArmor: AppArmor Filesystem Enabled
[   21.509246] pnp: PnP ACPI init
[   21.589002] pnp: PnP ACPI: found 3 devices
[   21.684162] clocksource: acpi_pm: mask: 0xffffff max_cycles: 0xffffff, max_idle_ns: 2085701024 ns
[   21.898442] NET: Registered protocol family 2
[   22.008030] TCP established hash table entries: 8192 (order: 4, 65536 bytes)
[   22.191389] TCP bind hash table entries: 8192 (order: 5, 131072 bytes)
[   22.351754] TCP: Hash tables configured (established 8192 bind 8192)
[   22.526977] UDP hash table entries: 512 (order: 2, 16384 bytes)
[   22.692396] UDP-Lite hash table entries: 512 (order: 2, 16384 bytes)
[   22.842483] NET: Registered protocol family 1
[   22.946246] pci 0000:00:00.0: Limiting direct PCI/PCI transfers
[   23.098015] pci 0000:00:01.0: Activating ISA DMA hang workarounds
[   23.249576] Unpacking initramfs...
[   24.824360] Freeing initrd memory: 10840K (ffff880036ac4000 - ffff88003755a000)
[   24.912118] platform rtc_cmos: registered platform RTC device (no PNP device found)
[   25.020794] Scanning for low memory corruption every 60 seconds
[   25.188018] audit: initializing netlink subsys (disabled)
[   25.317124] audit: type=2000 audit(1505648410.804:1): initialized
[   25.478588] Initialise system trusted keyring
[   25.550835] HugeTLB registered 2 MB page size, pre-allocated 0 pages
[   25.638404] zbud: loaded
[   25.694787] VFS: Disk quotas dquot_6.6.0
[   25.752660] VFS: Dquot-cache hash table entries: 512 (order 0, 4096 bytes)
[   25.909349] tsc: Refined TSC clocksource calibration: 2494.721 MHz
[   25.989287] clocksource: tsc: mask: 0xffffffffffffffff max_cycles: 0x23f5befe844, max_idle_ns: 440795277762 ns
[   25.989568] squashfs: version 4.0 (2009/01/31) Phillip Lougher
[   26.001145] fuse init (API version 7.23)
[   26.001380] Key type big_key registered
[   26.001401] Allocating IMA MOK and blacklist keyrings.
[   26.001761] Key type asymmetric registered
[   26.001769] Asymmetric key parser 'x509' registered
[   26.001843] Block layer SCSI generic (bsg) driver version 0.4 loaded (major 249)
[   26.001910] io scheduler noop registered
[   26.001913] io scheduler deadline registered (default)
[   26.001953] io scheduler cfq registered
[   26.002158] pci_hotplug: PCI Hot Plug PCI Core version: 0.5
[   26.002187] pciehp: PCI Express Hot Plug Controller Driver version: 0.4
[   26.002494] ACPI: AC Adapter [AC] (on-line)
[   26.002555] input: Power Button as /devices/LNXSYSTM:00/LNXPWRBN:00/input/input0
[   26.002558] ACPI: Power Button [PWRF]
[   26.002649] input: Sleep Button as /devices/LNXSYSTM:00/LNXSLPBN:00/input/input1
[   26.002650] ACPI: Sleep Button [SLPF]
[   26.002893] GHES: HEST is not enabled!
[   26.004203] ACPI: Battery Slot [BAT0] (battery present)
[   26.004301] Serial: 8250/16550 driver, 32 ports, IRQ sharing enabled
[   26.028203] 00:02: ttyS0 at I/O 0x3f8 (irq = 4, base_baud = 115200) is a 16550A
[   26.119321] Linux agpgart interface v0.103
[   26.390139] loop: module loaded
[   26.390549] scsi host0: ata_piix
[   26.390606] scsi host1: ata_piix
[   26.390630] ata1: PATA max UDMA/33 cmd 0x1f0 ctl 0x3f6 bmdma 0xd000 irq 14
[   26.390630] ata2: PATA max UDMA/33 cmd 0x170 ctl 0x376 bmdma 0xd008 irq 15
[   26.390689] libphy: Fixed MDIO Bus: probed
[   26.390691] tun: Universal TUN/TAP device driver, 1.6
[   26.390691] tun: (C) 1999-2004 Max Krasnyansky <maxk@qualcomm.com>
[   26.390945] PPP generic driver version 2.4.2
[   26.391000] ehci_hcd: USB 2.0 'Enhanced' Host Controller (EHCI) Driver
[   26.391003] ehci-pci: EHCI PCI platform driver
[   26.391015] ehci-platform: EHCI generic platform driver
[   26.391021] ohci_hcd: USB 1.1 'Open' Host Controller (OHCI) Driver
[   26.391024] ohci-pci: OHCI PCI platform driver
[   26.391031] ohci-platform: OHCI generic platform driver
[   26.391037] uhci_hcd: USB Universal Host Controller Interface driver
[   26.391081] i8042: PNP: PS/2 Controller [PNP0303:PS2K,PNP0f03:PS2M] at 0x60,0x64 irq 1,12
[   26.483061] serio: i8042 KBD port at 0x60,0x64 irq 1
[   26.483067] serio: i8042 AUX port at 0x60,0x64 irq 12
[   26.483201] mousedev: PS/2 mouse device common for all mice
[   26.483526] rtc_cmos rtc_cmos: rtc core: registered rtc_cmos as rtc0
[   26.483580] rtc_cmos rtc_cmos: alarms up to one day, 114 bytes nvram
[   26.483587] i2c /dev entries driver
[   26.483644] device-mapper: uevent: version 1.0.3
[   26.483695] device-mapper: ioctl: 4.34.0-ioctl (2015-10-28) initialised: dm-devel@redhat.com
[   26.483710] ledtrig-cpu: registered to indicate activity on CPUs
[   26.483973] NET: Registered protocol family 10
[   26.484130] NET: Registered protocol family 17
[   26.484139] Key type dns_resolver registered
[   26.649252] microcode: CPU0 sig=0x40661, pf=0x40, revision=0x0
[   26.649393] microcode: CPU1 sig=0x40661, pf=0x40, revision=0x0
[   26.649450] microcode: Microcode Update Driver: v2.01 <tigran@aivazian.fsnet.co.uk>, Peter Oruba
[   26.649556] registered taskstats version 1
[   26.649570] Loading compiled-in X.509 certificates
[   26.650088] Loaded X.509 cert 'Build time autogenerated kernel key: a6f98c496ad22cf23b77f8fe21ff88c41791cbd4'
[   26.650107] zswap: loaded using pool lzo/zbud
[   26.651146] Key type trusted registered
[   26.652758] Key type encrypted registered
[   26.652762] AppArmor: AppArmor sha1 policy hashing enabled
[   26.652764] ima: No TPM chip found, activating TPM-bypass!
[   26.652778] evm: HMAC attrs: 0x1
[   26.653015]   Magic number: 1:594:681
[   26.867885] rtc_cmos rtc_cmos: setting system clock to 2017-09-17 11:40:27 UTC (1505648427)
[   26.868048] BIOS EDD facility v0.16 2004-Jun-25, 0 devices found
[   26.868048] EDD information not available.
[   27.365206] input: AT Translated Set 2 keyboard as /devices/platform/i8042/serio0/input/input2
[   32.145289] Freeing unused kernel memory: 1492K (ffffffff81f45000 - ffffffff820ba000)
[   32.408440] Write protecting the kernel read-only data: 14336k
[   32.486404] Freeing unused kernel memory: 1748K (ffff88000184b000 - ffff880001a00000)
[   32.504928] Freeing unused kernel memory: 112K (ffff880001de4000 - ffff880001e00000)
Loading, please [   32.531089] random: systemd-udevd: uninitialized urandom read (16 bytes read, 4 bits of entropy available)
wait...
startin[   32.531596] random: udevadm: uninitialized urandom read (16 bytes read, 4 bits of entropy available)
g version 229
[   32.531626] random: udevadm: uninitialized urandom read (16 bytes read, 4 bits of entropy available)
[   32.531715] random: udevadm: uninitialized urandom read (16 bytes read, 4 bits of entropy available)
[   32.531748] random: udevadm: uninitialized urandom read (16 bytes read, 4 bits of entropy available)
[   32.531779] random: udevadm: uninitialized urandom read (16 bytes read, 4 bits of entropy available)
[   32.531820] random: udevadm: uninitialized urandom read (16 bytes read, 4 bits of entropy available)
[   32.531852] random: udevadm: uninitialized urandom read (16 bytes read, 4 bits of entropy available)
[   32.531882] random: udevadm: uninitialized urandom read (16 bytes read, 4 bits of entropy available)
[   32.531912] random: udevadm: uninitialized urandom read (16 bytes read, 4 bits of entropy available)
[   34.671145] e1000: Intel(R) PRO/1000 Network Driver - version 7.3.21-k8-NAPI
[   34.683333] e1000: Copyright (c) 1999-2006 Intel Corporation.
[   34.688841] Fusion MPT base driver 3.04.20
[   34.778323] Copyright (c) 1999-2008 LSI Corporation
[   34.902799] input: ImExPS/2 Generic Explorer Mouse as /devices/platform/i8042/serio1/input/input4
[   35.070844] AVX version of gcm_enc/dec engaged.
[   35.206349] AES CTR mode by8 optimization enabled
[   35.296666] Fusion MPT SPI Host driver 3.04.20
[   35.399645] e1000 0000:00:03.0 eth0: (PCI:33MHz:32-bit) 02:04:e4:df:e4:d8
[   35.539250] e1000 0000:00:03.0 eth0: Intel(R) PRO/1000 Network Connection
[   35.725347] e1000 0000:00:03.0 enp0s3: renamed from eth0
[   35.749856] mptbase: ioc0: Initiating bringup
[   35.865502] ioc0: LSI53C1030 A0: Capabilities={Initiator}
[   36.176340] scsi host2: ioc0: LSI53C1030 A0, FwRev=00000000h, Ports=1, MaxQ=256, IRQ=20
[   36.486348] scsi 2:0:0:0: Direct-Access     VBOX     HARDDISK         1.0  PQ: 0 ANSI: 5
[   36.768676] scsi target2:0:0: Beginning Domain Validation
[   36.817232] scsi target2:0:0: Domain Validation skipping write tests
[   36.831918] scsi target2:0:0: Ending Domain Validation
[   36.907930] scsi target2:0:0: asynchronous
[   37.034942] scsi 2:0:1:0: Direct-Access     VBOX     HARDDISK         1.0  PQ: 0 ANSI: 5
[   37.312214] scsi target2:0:1: Beginning Domain Validation
[   37.507267] scsi target2:0:1: Domain Validation skipping write tests
[   37.740499] scsi target2:0:1: Ending Domain Validation
[   37.872112] scsi target2:0:1: asynchronous
[   37.907376] sd 2:0:0:0: Attached scsi generic sg0 type 0
[   37.920964] sd 2:0:0:0: [sda] 20971520 512-byte logical blocks: (10.7 GB/10.0 GiB)
[   37.930883] sd 2:0:1:0: Attached scsi generic sg1 type 0
[   37.931057] sd 2:0:1:0: [sdb] 20480 512-byte logical blocks: (10.5 MB/10.0 MiB)
[   37.931197] sd 2:0:1:0: [sdb] Write Protect is off
[   37.931287] sd 2:0:1:0: [sdb] Incomplete mode parameter data
[   37.931288] sd 2:0:1:0: [sdb] Assuming drive cache: write through
[   37.933831] sd 2:0:1:0: [sdb] Attached SCSI disk
[   38.486647] floppy0: no floppy controllers found
[   38.486689] work still pending
[   38.994927] sd 2:0:0:0: [sda] Write Protect is off
[   39.006470] sd 2:0:0:0: [sda] Incomplete mode parameter data
[   39.007370] sd 2:0:0:0: [sda] Assuming drive cache: write through
[   39.010582]  sda: sda1
[   39.011776] sd 2:0:0:0: [sda] Attached SCSI disk
Begin: Loading e[   40.288600] md: linear personality registered for level -1
ssential drivers[   40.406674] md: multipath personality registered for level -4
 ... [   40.550500] md: raid0 personality registered for level 0
[   40.682552] md: raid1 personality registered for level 1
[   40.873325] raid6: sse2x1   gen() 10501 MB/s
[   41.089315] raid6: sse2x1   xor()  8083 MB/s
[   41.207288] raid6: sse2x2   gen() 13532 MB/s
[   41.393329] raid6: sse2x2   xor()  8987 MB/s
[   41.615409] raid6: sse2x4   gen() 16659 MB/s
[   41.887879] raid6: sse2x4   xor() 11461 MB/s
[   42.048725] raid6: using algorithm sse2x4 gen() 16659 MB/s
[   42.191824] raid6: .... xor() 11461 MB/s, rmw enabled
[   42.223223] raid6: using ssse3x2 recovery algorithm
[   42.232454] xor: automatically using best checksumming function:
[   42.293342]    avx       : 22344.000 MB/sec
[   42.374698] async_tx: api initialized (async)
[   42.513575] md: raid6 personality registered for level 6
[   42.583639] md: raid5 personality registered for level 5
[   42.594303] md: raid4 personality registered for level 4
[   42.615115] md: raid10 personality registered for level 10
done.
Begin: Running /scripts/init-premount ... done.
Begin: Mounti[   42.691280] Btrfs loaded
ng root file system ... Begin: Running /scripts/[   42.780378] EXT4-fs (sda1): INFO: recovery required on readonly filesystem
local-top ... do[   43.034211] EXT4-fs (sda1): write access will be enabled during recovery
ne.
Begin: Running /scripts/local-premount ... Scanning for Btrfs filesystems
done.
Warning: fsck not present, so skipping root file system
[   43.211609] EXT4-fs (sda1): recovery complete
[   43.307984] EXT4-fs (sda1): mounted filesystem with ordered data mode. Opts: (null)
done.
Begin: Running /scripts/local-bottom ... done.
Begin: Running /scripts/init-bottom ... done.
[   43.592950] systemd[1]: systemd 229 running in system mode. (+PAM +AUDIT +SELINUX +IMA +APPARMOR +SMACK +SYSVINIT +UTMP +LIBCRYPTSETUP +GCRYPT +GNUTLS +ACL +XZ -LZ4 +SECCOMP +BLKID +ELFUTILS +KMOD -IDN)
[   44.072066] systemd[1]: Detected virtualization oracle.
[   44.181253] systemd[1]: Detected architecture x86-64.

Welcome to [1mUbuntu 16.04.3 LTS[0m!

[   44.350499] systemd[1]: Set hostname to <ubuntu-xenial>.
[   44.581940] systemd[1]: Listening on Device-mapper event daemon FIFOs.
[[0;32m  OK  [0m] Listening on Device-mapper event daemon FIFOs.
[   44.789808] systemd[1]: Listening on Journal Audit Socket.
[[0;32m  OK  [0m] Listening on Journal Audit Socket.
[   44.981639] systemd[1]: Listening on Journal Socket.
[[0;32m  OK  [0m] Listening on Journal Socket.
[   45.131305] systemd[1]: Listening on /dev/initctl Compatibility Named Pipe.
[[0;32m  OK  [0m] Listening on /dev/initctl Compatibility Named Pipe.
[   45.378274] systemd[1]: Created slice User and Session Slice.
[[0;32m  OK  [0m] Created slice User and Session Slice.
[   45.513486] systemd[1]: Listening on LVM2 poll daemon socket.
[[0;32m  OK  [0m] Listening on LVM2 poll daemon socket.
[   45.661585] systemd[1]: Started Forward Password Requests to Wall Directory Watch.
[[0;32m  OK  [0m] Started Forward Password Requests to Wall Directory Watch.
[   45.913634] systemd[1]: Listening on Journal Socket (/dev/log).
[[0;32m  OK  [0m] Listening on Journal Socket (/dev/log).
[   46.118119] systemd[1]: Reached target Swap.
[[0;32m  OK  [0m] Reached target Swap.
[   46.278079] systemd[1]: Started Trigger resolvconf update for networkd DNS.
[[0;32m  OK  [0m] Started Trigger resolvconf update for networkd DNS.
[   46.525879] systemd[1]: Listening on udev Kernel Socket.
[[0;32m  OK  [0m] Listening on udev Kernel Socket.
[   46.681840] systemd[1]: Created slice System Slice.
[[0;32m  OK  [0m] Created slice System Slice.
[   46.849515] systemd[1]: Reached target Slices.
[[0;32m  OK  [0m] Reached target Slices.
[   47.021778] systemd[1]: Mounting POSIX Message Queue File System...
[   47.040303] random  nonblocking pool is initialized
         Mounting POSIX Message Queue File System...
[   47.248702] systemd[1]: Starting Create list of required static device nodes for the current kernel...
         Starting Create list of required st... nodes for the current kernel...
[   47.514692] systemd[1]: Created slice system-serial\x2dgetty.slice.
[[0;32m  OK  [0m] Created slice system-serial\x2dgetty.slice.
[   47.645238] systemd[1]: Starting Uncomplicated firewall...
         Starting Uncomplicated firewall...
[   47.674525] systemd[1]: Mounting Huge Pages File System...
         Mounting Huge Pages File System...
[   47.917777] systemd[1]: Starting Nameserver information manager...
         Starting Nameserver information manager...
[   48.181790] systemd[1]: Starting Load Kernel Modules...
[   48.309693] Loading iSCSI transport class v2.0-870.
         Startin[   48.435390] iscsi: registered transport (tcp)
g Load Kernel Modules...
[   48.555562] iscsi: registered transport (iser)
[   48.657424] systemd[1]: Starting Set console keymap...
         Starting Set console keymap...
[   48.729804] systemd[1]: Mounting Debug File System...
         Mounting Debug File System...
[   48.785902] systemd[1]: Starting Remount Root and Kernel File Systems...
[   48.789818] EXT4-fs (sda1): re-mounted. Opts: (null)
         Starting Remount Root and Kernel File Systems...
[   49.197914] systemd[1]: Listening on LVM2 metadata daemon socket.
[[0;32m  OK  [0m] Listening on LVM2 metadata daemon socket.
[   49.382128] systemd[1]: Starting Monitoring of LVM2 mirrors, snapshots etc. using dmeventd or progress polling...
         Starting Monitoring of LVM2 mirrors... dmeventd or progress polling...
[   49.507200] systemd[1]: Reached target User and Group Name Lookups.
[[0;32m  OK  [0m] Reached target User and Group Name Lookups.
[   49.751402] systemd[1]: Set up automount Arbitrary Executable File Formats File System Automount Point.
[[0;32m  OK  [0m] Set up automount Arbitrary Executab...ats File System Automount Point.
[   49.839714] systemd[1]: Reached target Encrypted Volumes.
[[0;32m  OK  [0m] Reached target Encrypted Volumes.
[   50.113677] systemd[1]: Listening on udev Control Socket.
[[0;32m  OK  [0m] Listening on udev Control Socket.
[   50.309649] systemd[1]: Listening on Syslog Socket.
[[0;32m  OK  [0m] Listening on Syslog Socket.
[   50.469610] systemd[1]: Starting Journal Service...
         Starting Journal Service...
[   50.670611] systemd[1]: Mounted Huge Pages File System.
[[0;32m  OK  [0m] Mounted Huge Pages File System.
[   50.857652] systemd[1]: Mounted POSIX Message Queue File System.
[[0;32m  OK  [0m] Mounted POSIX Message Queue File System.
[   50.913316] systemd[1]: Mounted Debug File System.
[[0;32m  OK  [0m] Mounted Debug File System.
[   51.069649] systemd[1]: Started Journal Service.
[[0;32m  OK  [0m] Started Journal Service.
[[0;32m  OK  [0m] Started Create list of required sta...ce nodes for the current kernel.
[[0;32m  OK  [0m] Started Uncomplicated firewall.
[[0;32m  OK  [0m] Started Load Kernel Modules.
[[0;32m  OK  [0m] Started Set console keymap.
[[0;32m  OK  [0m] Started Remount Root and Kernel File Systems.
[[0;32m  OK  [0m] Started Nameserver information manager.
[[0;32m  OK  [0m] Started LVM2 metadata daemon.
         Starting udev Coldplug all Devices...
         Starting Load/Save Random Seed...
         Starting Initial cloud-init job (pre-networking)...
         Mounting FUSE Control File System...
         Starting Apply Kernel Variables...
         Starting Create Static Device Nodes in /dev...
         Starting Flush Journal to Persistent Storage...
[[0;32m  OK  [0m] Mounted FUSE Control File System.
[[0;32m  OK  [0m] Started Load/Save Random Seed.
[[0;32m  OK  [0m] Started Monitoring of LVM2 mirrors,...ng dmeventd or progress polling.
[[0;32m  OK  [0m] Started Apply Kernel Variables.
[[0;32m  OK  [0m] Started Create Static Device Nodes in /dev.
[[0;32m  OK  [0m] Started udev Coldplug all Devices.
[[0;32m  OK  [0m] Started Flush Journal to Persistent Storage.
         Starting udev Kernel Device Manager...
[[0;32m  OK  [0m] Started udev Kernel Device Manager.
[[0;32m  OK  [0m] Started Dispatch Password Requests to Console Directory Watch.
[[0;32m  OK  [0m] Reached target Local File Systems (Pre).
[[0;32m  OK  [0m] Reached target Local File Systems.
         Starting Set console font and keymap...
         Starting Create Volatile Files and Directories...
         Starting LSB: AppArmor initialization...
[   32.159899]          cloud-initStarting Tell Plymouth To Write Out Runtime Data...[444]: 
Cloud-init v. 0.7.9 running 'init-local' at Sun, 17 Sep 2017 11:40:53 +0000. Up 31.85 seconds.
[[0;32m  OK  [0m] Started Create Volatile Files and Directories.
[[0;32m  OK  [0m] Started Tell Plymouth To Write Out Runtime Data.
[[0;32m  OK  [0m] Started Initial cloud-init job (pre-networking).
[[0;32m  OK  [0m] Found device /dev/ttyS0.
[[0;32m  OK  [0m] Started Set console font and keymap.
[[0;32m  OK  [0m] Started LSB: AppArmor initialization.
[[0;32m  OK  [0m] Listening on Load/Save RF Kill Switch Status /dev/rfkill Watch.
[[0;32m  OK  [0m] Created slice system-getty.slice.
[[0;32m  OK  [0m] Reached target Network (Pre).
[[0;32m  OK  [0m] Started ifup for enp0s3.
         Starting Raise network interfaces...
[[0;32m  OK  [0m] Reached target System Time Synchronized.
         Starting Update UTMP about System Boot/Shutdown...
[[0;32m  OK  [0m] Started Update UTMP about System Boot/Shutdown.
[[0;32m  OK  [0m] Started Raise network interfaces.
         Starting Initial cloud-init job (metadata service crawler)...
[[0;32m  OK  [0m] Reached target Network.
[   35.281779] cloud-init[958]: Cloud-init v. 0.7.9 running 'init' at Sun, 17 Sep 2017 11:40:56 +0000. Up 35.07 seconds.
[   35.388871] [cloud-init[0;32m  OK  [0m[958]: ] ci-info: +++++++++++++++++++++++++++++++++++++Net device info+++++++++++++++++++++++++++++++++++++Started Initial cloud-init job (metadata service crawler).

[   35.389629] cloud-init[958]: ci-info: +--------+------+---------------------------+---------------+-------+-------------------+
[   35.636952] [cloud-init[0;32m  OK  [0m[958]: ] ci-info: | Device |  Up  |          Address          |      Mask     | Scope |     Hw-Address    |Reached target System Initialization.

[   35.637772] cloud-init[958]: ci-info: +--------+------+---------------------------+---------------+-------+-------------------+
[   35.856240] [cloud-init[0;32m  OK  [0m[958]: ] ci-info: |   lo   | True |         127.0.0.1         |   255.0.0.0   |   .   |         .         |Started ACPI Events Check.

[   35.956740] [cloud-init[0;32m  OK  [0m[958]: ] ci-info: |   lo   | True |          ::1/128          |       .       |  host |         .         |Reached target Paths.

[   35.957281]          cloud-initStarting Socket activation for snappy daemon.[958]: 
ci-info: | enp0s3 | True |         10.0.2.15         | 255.255.255.0 |   .   | 02:04:e4:df:e4:d8 |
[   36.232472] [cloud-init[0;32m  OK  [0m[958]: ] ci-info: | enp0s3 | True | fe80::4:e4ff:fedf:e4d8/64 |       .       |  link | 02:04:e4:df:e4:d8 |Started Timer to automatically refresh installed snaps.

[[0;32m  OK  [0m] Listening on UUID daemon activation socket.
[[0;32m  OK  [0m] Started Daily Cleanup of Temporary Directories.
[   36.233004] cloud-init[958]: ci-info: +--------+------+---------------------------+---------------+-------+-------------------+
[   36.566014] [cloud-init[0;32m  OK  [0m[958]: ] ci-info: +++++++++++++++++++++++++++Route IPv4 info++++++++++++++++++++++++++++Listening on ACPID Listen Socket.

[[0;32m  OK  [0m] Listening on D-Bus System Message Bus Socket.
[   36.566563] cloud-init[958]: ci-info: +-------+-------------+----------+---------------+-----------+-------+
[   36.805378]          cloud-initStarting LXD - unix socket.[958]: 
ci-info: | Route | Destination | Gateway  |    Genmask    | Interface | Flags |
[   36.909354] [cloud-init[0;32m  OK  [0m[958]: ] ci-info: +-------+-------------+----------+---------------+-----------+-------+Reached target Network is Online.

[[0;32m  OK  [0m] Started Daily apt download activities.
[[0;32m  OK  [0m] Started Daily apt upgrade and clean activities.
[[0;32m  OK  [0m] Reached target Timers.
[   36.909849] cloud-init[958]: ci-info: |   0   |   0.0.0.0   | 10.0.2.2 |    0.0.0.0    |   enp0s3  |   UG  |
[   37.112455]          cloud-initStarting iSCSI initiator daemon (iscsid)...[958]: 
ci-info: |   1   |   10.0.2.0  | 0.0.0.0  | 255.255.255.0 |   enp0s3  |   U   |
[   37.220323] [cloud-init[0;32m  OK  [0m[958]: ] ci-info: +-------+-------------+----------+---------------+-----------+-------+Reached target Cloud-config availability.

[[0;32m  OK  [0m] Listening on Socket activation for snappy daemon.
[[0;32m  OK  [0m] Listening on LXD - unix socket.
[[0;32m  OK  [0m] Reached target Sockets.
[[0;32m  OK  [0m] Reached target Basic System.
         Starting Apply the settings specified in cloud-config...
         Starting Accounts Service...
         Starting LSB: Record successful boot for GRUB...
[[0;32m  OK  [0m] Started D-Bus System Message Bus.
         Starting System Logging Service...
         Starting LSB: MD monitoring daemon...
[[0;32m  OK  [0m] Started ACPI event daemon.
[[0;32m  OK  [0m] Started Deferred execution scheduler.
[[0;32m  OK  [0m] Started Regular background program processing daemon.
[[0;32m  OK  [0m] Started FUSE filesystem for LXC.
         Starting A high performance web server and a reverse proxy server...
         Starting Login Service...
[[0;32m  OK  [0m] Started Unattended Upgrades Shutdown.
[   37.771142] cloud-init[1014]: Cloud-init v. 0.7.9 running 'modules:config' at Sun, 17 Sep 2017 11:40:58 +0000. Up 37.67 seconds.
         Starting /etc/rc.local Compatibility...
         Starting LXD - container startup/shutdown...
         Starting OpenBSD Secure Shell server...
[[0;32m  OK  [0m] Started Snappy daemon.
         Starting Auto import assertions from block devices...
[[0;32m  OK  [0m] Started System Logging Service.
[[0;32m  OK  [0m] Started OpenBSD Secure Shell server.
[[0;32m  OK  [0m] Started iSCSI initiator daemon (iscsid).
[[0;32m  OK  [0m] Started Apply the settings specified in cloud-config.
[[0;32m  OK  [0m] Started /etc/rc.local Compatibility.
[[0;32m  OK  [0m] Started LXD - container startup/shutdown.
[[0;32m  OK  [0m] Started Auto import assertions from block devices.
[[0;32m  OK  [0m] Started LSB: Record successful boot for GRUB.
[[0;32m  OK  [0m] Started LSB: MD monitoring daemon.
[[0;32m  OK  [0m] Started A high performance web server and a reverse proxy server.
         Starting Authenticate and Authorize Users to Run Privileged Tasks...
         Starting Login to default iSCSI targets...
[[0;32m  OK  [0m] Started Login Service.
[[0;32m  OK  [0m] Started Authenticate and Authorize Users to Run Privileged Tasks.
[[0;32m  OK  [0m] Started Accounts Service.
[[0;32m  OK  [0m] Started Login to default iSCSI targets.
[[0;32m  OK  [0m] Reached target Remote File Systems (Pre).
[[0;32m  OK  [0m] Reached target Remote File Systems.
         Starting Permit User Sessions...
         Starting LSB: daemon to balance interrupts for SMP systems...
         Starting LSB: VirtualBox Linux Additions...
         Starting LSB: Set the CPU Frequency Scaling governor to "ondemand"...
         Starting LSB: automatic crash report generation...
[[0;32m  OK  [0m] Started Permit User Sessions.
[[0;32m  OK  [0m] Created slice User Slice of ubuntu.
[[0;32m  OK  [0m] Started Session 1 of user ubuntu.
         Starting User Manager for UID 1000...
         Starting Hold until boot process finishes up...
         Starting Terminate Plymouth Boot Screen...
[[0;32m  OK  [0m] Started User Manager for UID 1000.
[[0;32m  OK  [0m] Started LSB: daemon to balance interrupts for SMP systems.
[[0;32m  OK  [0m] Started LSB: VirtualBox Linux Additions.
[[0;32m  OK  [0m] Started LSB: Set the CPU Frequency Scaling governor to "ondemand".
[[0;32m  OK  [0m] Started LSB: automatic crash report generation.
[[0;32m  OK  [0m] Started Hold until boot process finishes up.
[[0;32m  OK  [0m] Started Terminate Plymouth Boot Screen.
[[0;32m  OK  [0m] Started Serial Getty on ttyS0.
         Starting Set console scheme...
[[0;32m  OK  [0m] Started Getty on tty1.
[[0;32m  OK  [0m] Reached target Login Prompts.
[[0;32m  OK  [0m] Reached target Multi-User System.
[[0;32m  OK  [0m] Reached target Graphical Interface.
         Starting Execute cloud user/final scripts...
         Starting Update UTMP about System Runlevel Changes...
[[0;32m  OK  [0m] Started Set console scheme.
[[0;32m  OK  [0m] Started Update UTMP about System Runlevel Changes.
[   39.957338] cloud-init[1246]: Cloud-init v. 0.7.9 running 'modules:final' at Sun, 17 Sep 2017 11:41:01 +0000. Up 39.86 seconds.
[   40.044382] cloud-init[1246]: Cloud-init v. 0.7.9 finished at Sun, 17 Sep 2017 11:41:01 +0000. Datasource DataSourceNoCloud [seed=/dev/sdb][dsmode=net].  Up 39.95 seconds
[[0;32m  OK  [0m] Started Execute cloud user/final scripts.
[[0;32m  OK  [0m] Reached target Cloud-init target.
         Starting Daily apt download activities...
         Stopping User Manager for UID 1000...
[[0;32m  OK  [0m] Stopped User Manager for UID 1000.
[[0;32m  OK  [0m] Removed slice User Slice of ubuntu.

Ubuntu 16.04.3 LTS ubuntu-xenial ttyS0

ubuntu-xenial login: 